// Jest Snapshot v1, https://goo.gl/fbAQLP

exports[`<Auth /> Should render Auth page successfully 1`] = `
<div>
  <withRouter(Connect(Home)) />
</div>
`;
