// Jest Snapshot v1, https://goo.gl/fbAQLP

exports[`<AdminMenusContainer /> Should render the AdminMenus container successfully 1`] = `
<Route
  render={[Function]}
/>
`;
