// Jest Snapshot v1, https://goo.gl/fbAQLP

exports[`<MenusContainer /> Should render the MenusContainer container successfully 1`] = `
<Route
  render={[Function]}
/>
`;
