// Jest Snapshot v1, https://goo.gl/fbAQLP

exports[`<AppContainer /> Should render the AppContainer container successfully 1`] = `
<Route
  render={[Function]}
/>
`;
