// Jest Snapshot v1, https://goo.gl/fbAQLP

exports[`<ImageUploader /> Should render Image Uploader component successfully 1`] = `
<div
  className="col-12"
>
  <Modal
    ariaHideApp={false}
    bodyOpenClassName="ReactModal__Body--open"
    className="image-upload"
    closeTimeoutMS={1}
    contentLabel="Modal"
    isOpen={false}
    parentSelector={[Function]}
    portalClassName="ReactModalPortal"
    shouldCloseOnEsc={true}
    shouldCloseOnOverlayClick={true}
    shouldFocusAfterRender={true}
    shouldReturnFocusAfterClose={true}
    style={
      Object {
        "content": Object {
          "WebkitOverflowScrolling": "touch",
          "background": "#ffffff",
          "border": "none",
          "borderRadius": "6px",
          "bottom": "30%",
          "left": "33%",
          "outline": "none",
          "overflow": "auto",
          "padding": "15px",
          "position": "absolute",
          "right": "33%",
          "top": "15%",
        },
        "overlay": Object {
          "backgroundColor": "rgba(0, 0, 0, 0.4)",
          "bottom": 0,
          "left": 0,
          "position": "fixed",
          "right": 0,
          "top": 0,
        },
      }
    }
  >
    <div
      className="col-12"
    >
      <div
        className="col-12"
      >
        <a
          onClick={[MockFunction]}
          style={
            Object {
              "float": "right",
            }
          }
        >
          <i
            className="material-icons"
            style={
              Object {
                "fontSize": 25,
              }
            }
          >
            close
          </i>
        </a>
      </div>
      <div
        className="show-errors"
      >
        <ul />
      </div>
      <t
        accept="image/*"
        className="dropzone"
        disableClick={false}
        disablePreview={false}
        disabled={false}
        maxSize={Infinity}
        minSize={0}
        multiple={true}
        onDrop={[Function]}
        preventDropOnDocument={true}
        style={
          Object {
            "border": "solid #7a604a 1px",
            "borderRadius": 3,
            "height": 300,
            "margin": "auto",
            "marginTop": 70,
            "padding": 20,
            "width": 350,
          }
        }
      >
        <div
          style={
            Object {
              "textAlign": "center",
            }
          }
        >
          <h2
            id="dropzoneHeader"
          >
            Drop Image Here
          </h2>
          <br />
          <br />
          <br />
          <button
            className="button"
            disabled={false}
            id="upload_image"
          >
            Upload Image
          </button>
          <div>
            <img
              alt="loader"
              hidden={true}
              src="https://res.cloudinary.com/onnassiz/image/upload/v1535468238/file-loader_msna34.gif"
            />
          </div>
          <div
            className="progress"
          />
        </div>
      </t>
    </div>
  </Modal>
</div>
`;
