// Jest Snapshot v1, https://goo.gl/fbAQLP

exports[`<Cart /> Should render Cart page successfully 1`] = `
<div>
  <Connect(Cart) />
</div>
`;
