// Jest Snapshot v1, https://goo.gl/fbAQLP

exports[`<NavBarContainer /> Should render container component 1`] = `
<NavBar
  page="home"
  store={
    Object {
      "clearActions": [Function],
      "dispatch": [Function],
      "getActions": [Function],
      "getState": [Function],
      "replaceReducer": [Function],
      "subscribe": [Function],
    }
  }
  storeSubscription={
    Subscription {
      "listeners": Object {
        "clear": [Function],
        "get": [Function],
        "notify": [Function],
        "subscribe": [Function],
      },
      "onStateChange": [Function],
      "parentSub": undefined,
      "store": Object {
        "clearActions": [Function],
        "dispatch": [Function],
        "getActions": [Function],
        "getState": [Function],
        "replaceReducer": [Function],
        "subscribe": [Function],
      },
      "unsubscribe": [Function],
    }
  }
  user={
    Object {
      "email": "onnassiz@gmail",
      "id": "3a3c499f-803a-4e06-a328-307daff22243",
      "name": "Ben Onah",
      "role": "caterer",
    }
  }
  users={Object {}}
/>
`;
