// Jest Snapshot v1, https://goo.gl/fbAQLP

exports[`<ProfileContainer /> Should render the Profile container successfully 1`] = `
<Route
  render={[Function]}
/>
`;
